2026-08-09T17:15:30Z copied_bytes=1519 file=.gitattributes
2026-08-09T17:15:30Z copied_bytes=8732 file=README.md
2026-08-09T17:15:30Z copied_bytes=720 file=config.json
2026-08-09T17:15:30Z copied_bytes=116 file=generation_config.json
2026-08-09T17:16:19Z copied_bytes=4892809584 file=model-00001-of-00019.safetensors
2026-08-09T17:17:10Z copied_bytes=4983004016 file=model-00002-of-00019.safetensors
2026-08-09T17:18:27Z copied_bytes=4983004016 file=model-00003-of-00019.safetensors
2026-08-09T17:19:36Z copied_bytes=4899035200 file=model-00004-of-00019.safetensors
2026-08-09T17:20:36Z copied_bytes=4983004016 file=model-00005-of-00019.safetensors
2026-08-09T17:21:58Z copied_bytes=4983004016 file=model-00006-of-00019.safetensors
2026-08-09T17:22:47Z copied_bytes=4899035248 file=model-00007-of-00019.safetensors
2026-08-09T17:23:58Z copied_bytes=4983004072 file=model-00008-of-00019.safetensors
2026-08-09T17:24:56Z copied_bytes=4983004072 file=model-00009-of-00019.safetensors
2026-08-09T17:26:17Z copied_bytes=4899035248 file=model-00010-of-00019.safetensors
2026-08-09T17:27:35Z copied_bytes=4983004072 file=model-00011-of-00019.safetensors
2026-08-09T17:28:42Z copied_bytes=4983004072 file=model-00012-of-00019.safetensors
2026-08-09T17:29:58Z copied_bytes=4983004072 file=model-00013-of-00019.safetensors
2026-08-09T17:30:49Z copied_bytes=4899035248 file=model-00014-of-00019.safetensors
2026-08-09T17:31:38Z copied_bytes=4983004072 file=model-00015-of-00019.safetensors
2026-08-09T17:32:50Z copied_bytes=4983004072 file=model-00016-of-00019.safetensors
2026-08-09T17:33:36Z copied_bytes=4899035248 file=model-00017-of-00019.safetensors
2026-08-09T17:34:47Z copied_bytes=4983004072 file=model-00018-of-00019.safetensors
2026-08-09T17:35:38Z copied_bytes=4221679088 file=model-00019-of-00019.safetensors
2026-08-09T17:35:38Z copied_bytes=92658 file=model.safetensors.index.json
2026-08-09T17:35:38Z copied_bytes=414 file=special_tokens_map.json
2026-08-09T17:35:38Z copied_bytes=1795188 file=tokenizer.json
2026-08-09T17:35:38Z copied_bytes=493443 file=tokenizer.model
2026-08-09T17:35:38Z copied_bytes=2103 file=tokenizer_config.json
