Traceback (most recent call last):
  File "/workspace/track_gpu/measurement/probes/vllm_backend.py", line 172, in _load_adapter
    module = importlib.import_module(module_name)
  File "/usr/lib/python3.10/importlib/__init__.py", line 126, in import_module
    return _bootstrap._gcd_import(name[level:], package, level)
  File "<frozen importlib._bootstrap>", line 1050, in _gcd_import
  File "<frozen importlib._bootstrap>", line 1027, in _find_and_load
  File "<frozen importlib._bootstrap>", line 1004, in _find_and_load_unlocked
ModuleNotFoundError: No module named 'measurement.probes.vllm_runtime_adapter'

The above exception was the direct cause of the following exception:

Traceback (most recent call last):
  File "/workspace/track_gpu/measurement/probes/inserving_dispatch_probe.py", line 233, in <module>
    raise SystemExit(main())
  File "/workspace/track_gpu/measurement/probes/inserving_dispatch_probe.py", line 218, in main
    result = run(args)
  File "/workspace/track_gpu/measurement/probes/inserving_dispatch_probe.py", line 126, in run
    backend = _build_backend(
  File "/workspace/track_gpu/measurement/probes/inserving_dispatch_probe.py", line 110, in _build_backend
    return cls(
  File "/workspace/track_gpu/measurement/probes/vllm_backend.py", line 276, in __init__
    super().__init__(target="target_1_dispatch", **kwargs)
  File "/workspace/track_gpu/measurement/probes/vllm_backend.py", line 250, in __init__
    module = adapter_loader(runtime_adapter_module)
  File "/workspace/track_gpu/measurement/probes/vllm_backend.py", line 174, in _load_adapter
    raise BackendError(
measurement.probes.mock_backend.BackendError: cannot import runtime adapter 'measurement.probes.vllm_runtime_adapter': ModuleNotFoundError: No module named 'measurement.probes.vllm_runtime_adapter'
