PROGRESS {"case": "bytes=65536,streams=1", "completed_records": 2, "elapsed_seconds": 5.145, "operation": "h2d_pinned"}
PROGRESS {"case": "bytes=65536,streams=1", "completed_records": 3, "elapsed_seconds": 8.551, "operation": "d2h_pinned"}
PROGRESS {"case": "bytes=65536,streams=2", "completed_records": 4, "elapsed_seconds": 11.715, "operation": "h2d_pinned"}
PROGRESS {"case": "bytes=65536,streams=2", "completed_records": 5, "elapsed_seconds": 15.65, "operation": "d2h_pinned"}
PROGRESS {"case": "bytes=65536,streams=4", "completed_records": 6, "elapsed_seconds": 20.388, "operation": "h2d_pinned"}
PROGRESS {"case": "bytes=65536,streams=4", "completed_records": 7, "elapsed_seconds": 24.53, "operation": "d2h_pinned"}
PROGRESS {"case": "bytes=1048576,streams=1", "completed_records": 8, "elapsed_seconds": 27.398, "operation": "h2d_pinned"}
PROGRESS {"case": "bytes=1048576,streams=1", "completed_records": 9, "elapsed_seconds": 29.811, "operation": "d2h_pinned"}
PROGRESS {"case": "bytes=1048576,streams=2", "completed_records": 10, "elapsed_seconds": 32.743, "operation": "h2d_pinned"}
PROGRESS {"case": "bytes=1048576,streams=2", "completed_records": 11, "elapsed_seconds": 36.235, "operation": "d2h_pinned"}
PROGRESS {"case": "bytes=1048576,streams=4", "completed_records": 12, "elapsed_seconds": 40.742, "operation": "h2d_pinned"}
PROGRESS {"case": "bytes=1048576,streams=4", "completed_records": 13, "elapsed_seconds": 45.437, "operation": "d2h_pinned"}
PROGRESS {"case": "bytes=22020096,streams=1", "completed_records": 14, "elapsed_seconds": 49.989, "operation": "h2d_pinned"}
PROGRESS {"case": "bytes=22020096,streams=1", "completed_records": 15, "elapsed_seconds": 54.807, "operation": "d2h_pinned"}
PROGRESS {"case": "bytes=22020096,streams=2", "completed_records": 16, "elapsed_seconds": 59.669, "operation": "h2d_pinned"}
PROGRESS {"case": "bytes=22020096,streams=2", "completed_records": 17, "elapsed_seconds": 64.487, "operation": "d2h_pinned"}
PROGRESS {"case": "bytes=22020096,streams=4", "completed_records": 18, "elapsed_seconds": 69.248, "operation": "h2d_pinned"}
PROGRESS {"case": "bytes=22020096,streams=4", "completed_records": 19, "elapsed_seconds": 74.064, "operation": "d2h_pinned"}
PROGRESS {"case": "bytes=44040192,streams=1", "completed_records": 20, "elapsed_seconds": 78.996, "operation": "h2d_pinned"}
PROGRESS {"case": "bytes=44040192,streams=1", "completed_records": 21, "elapsed_seconds": 83.908, "operation": "d2h_pinned"}
PROGRESS {"case": "bytes=44040192,streams=2", "completed_records": 22, "elapsed_seconds": 88.802, "operation": "h2d_pinned"}
PROGRESS {"case": "bytes=44040192,streams=2", "completed_records": 23, "elapsed_seconds": 93.718, "operation": "d2h_pinned"}
PROGRESS {"case": "bytes=44040192,streams=4", "completed_records": 24, "elapsed_seconds": 98.532, "operation": "h2d_pinned"}
PROGRESS {"case": "bytes=44040192,streams=4", "completed_records": 25, "elapsed_seconds": 103.446, "operation": "d2h_pinned"}
PROGRESS {"case": "bytes=88080384,streams=1", "completed_records": 26, "elapsed_seconds": 108.436, "operation": "h2d_pinned"}
PROGRESS {"case": "bytes=88080384,streams=1", "completed_records": 27, "elapsed_seconds": 113.42, "operation": "d2h_pinned"}
PROGRESS {"case": "bytes=88080384,streams=2", "completed_records": 28, "elapsed_seconds": 118.401, "operation": "h2d_pinned"}
PROGRESS {"case": "bytes=88080384,streams=2", "completed_records": 29, "elapsed_seconds": 123.358, "operation": "d2h_pinned"}
PROGRESS {"case": "bytes=88080384,streams=4", "completed_records": 30, "elapsed_seconds": 128.262, "operation": "h2d_pinned"}
PROGRESS {"case": "bytes=88080384,streams=4", "completed_records": 31, "elapsed_seconds": 133.237, "operation": "d2h_pinned"}
PROGRESS {"case": "bytes=1048576", "completed_records": 32, "elapsed_seconds": 134.559, "operation": "device_memory"}
PROGRESS {"case": "bytes=22020096", "completed_records": 33, "elapsed_seconds": 138.45, "operation": "device_memory"}
PROGRESS {"case": "depth=1", "completed_records": 34, "elapsed_seconds": 139.714, "operation": "queue_depth"}
PROGRESS {"case": "depth=4", "completed_records": 35, "elapsed_seconds": 143.041, "operation": "queue_depth"}
PROGRESS {"case": "expert_tokens=32,concurrency=1", "completed_records": 36, "elapsed_seconds": 146.845, "operation": "contention_fixed_shape"}
PROGRESS {"case": "expert_tokens=32,concurrency=4", "completed_records": 37, "elapsed_seconds": 150.86, "operation": "contention_fixed_shape"}
PROGRESS {"case": "calibration-livecodebench-execution-q0,phase=prefill,concurrency=1,expert_tokens=704", "completed_records": 38, "elapsed_seconds": 155.298, "operation": "selected_expert"}
PROGRESS {"case": "calibration-livecodebench-execution-q0,phase=prefill,concurrency=1,expert_tokens=704", "completed_records": 39, "elapsed_seconds": 158.164, "operation": "gather_scatter"}
PROGRESS {"case": "calibration-livecodebench-execution-q0,phase=prefill,concurrency=1,expert_tokens=704,group=128", "completed_records": 40, "elapsed_seconds": 162.326, "operation": "dequant"}
PROGRESS {"case": "calibration-livecodebench-execution-q0,phase=prefill,concurrency=1,expert_tokens=704", "completed_records": 41, "elapsed_seconds": 166.985, "operation": "grouped_gemm"}
PROGRESS {"case": "calibration-livecodebench-execution-q0,phase=prefill,concurrency=4,expert_tokens=2816", "completed_records": 42, "elapsed_seconds": 172.129, "operation": "selected_expert"}
PROGRESS {"case": "calibration-livecodebench-execution-q0,phase=prefill,concurrency=4,expert_tokens=2816", "completed_records": 43, "elapsed_seconds": 176.254, "operation": "gather_scatter"}
PROGRESS {"case": "calibration-livecodebench-execution-q0,phase=prefill,concurrency=4,expert_tokens=2816,group=128", "completed_records": 44, "elapsed_seconds": 181.049, "operation": "dequant"}
PROGRESS {"case": "calibration-livecodebench-execution-q0,phase=prefill,concurrency=4,expert_tokens=2816", "completed_records": 45, "elapsed_seconds": 186.315, "operation": "grouped_gemm"}
PROGRESS {"case": "calibration-livecodebench-execution-q0,phase=decode,concurrency=1,expert_tokens=8", "completed_records": 46, "elapsed_seconds": 190.658, "operation": "selected_expert"}
PROGRESS {"case": "calibration-livecodebench-execution-q0,phase=decode,concurrency=1,expert_tokens=8", "completed_records": 47, "elapsed_seconds": 192.555, "operation": "gather_scatter"}
PROGRESS {"case": "calibration-livecodebench-execution-q0,phase=decode,concurrency=1,expert_tokens=8,group=128", "completed_records": 48, "elapsed_seconds": 196.42, "operation": "dequant"}
PROGRESS {"case": "calibration-livecodebench-execution-q0,phase=decode,concurrency=1,expert_tokens=8", "completed_records": 49, "elapsed_seconds": 200.529, "operation": "grouped_gemm"}
PROGRESS {"case": "calibration-livecodebench-execution-q0,phase=decode,concurrency=4,expert_tokens=32", "completed_records": 50, "elapsed_seconds": 204.878, "operation": "selected_expert"}
PROGRESS {"case": "calibration-livecodebench-execution-q0,phase=decode,concurrency=4,expert_tokens=32", "completed_records": 51, "elapsed_seconds": 207.678, "operation": "gather_scatter"}
PROGRESS {"case": "calibration-livecodebench-execution-q0,phase=decode,concurrency=4,expert_tokens=32,group=128", "completed_records": 52, "elapsed_seconds": 210.349, "operation": "dequant"}
PROGRESS {"case": "calibration-livecodebench-execution-q0,phase=decode,concurrency=4,expert_tokens=32", "completed_records": 53, "elapsed_seconds": 214.204, "operation": "grouped_gemm"}
PROGRESS {"case": "calibration-livecodebench-execution-q0,concurrency=1", "completed_records": 54, "elapsed_seconds": 219.215, "operation": "window_replay"}
PROGRESS {"case": "calibration-livecodebench-execution-q0,concurrency=4", "completed_records": 55, "elapsed_seconds": 224.21, "operation": "window_replay"}
PROGRESS {"case": "calibration-mmlu-abstract_algebra-q0,phase=prefill,concurrency=1,expert_tokens=208", "completed_records": 56, "elapsed_seconds": 228.222, "operation": "selected_expert"}
PROGRESS {"case": "calibration-mmlu-abstract_algebra-q0,phase=prefill,concurrency=1,expert_tokens=208", "completed_records": 57, "elapsed_seconds": 231.057, "operation": "gather_scatter"}
PROGRESS {"case": "calibration-mmlu-abstract_algebra-q0,phase=prefill,concurrency=1,expert_tokens=208,group=128", "completed_records": 58, "elapsed_seconds": 234.507, "operation": "dequant"}
PROGRESS {"case": "calibration-mmlu-abstract_algebra-q0,phase=prefill,concurrency=1,expert_tokens=208", "completed_records": 59, "elapsed_seconds": 238.869, "operation": "grouped_gemm"}
PROGRESS {"case": "calibration-mmlu-abstract_algebra-q0,phase=prefill,concurrency=4,expert_tokens=832", "completed_records": 60, "elapsed_seconds": 243.573, "operation": "selected_expert"}
PROGRESS {"case": "calibration-mmlu-abstract_algebra-q0,phase=prefill,concurrency=4,expert_tokens=832", "completed_records": 61, "elapsed_seconds": 246.082, "operation": "gather_scatter"}
PROGRESS {"case": "calibration-mmlu-abstract_algebra-q0,phase=prefill,concurrency=4,expert_tokens=832,group=128", "completed_records": 62, "elapsed_seconds": 250.179, "operation": "dequant"}
PROGRESS {"case": "calibration-mmlu-abstract_algebra-q0,phase=prefill,concurrency=4,expert_tokens=832", "completed_records": 63, "elapsed_seconds": 254.881, "operation": "grouped_gemm"}
PROGRESS {"case": "calibration-mmlu-abstract_algebra-q0,phase=decode,concurrency=1,expert_tokens=8", "completed_records": 64, "elapsed_seconds": 259.372, "operation": "selected_expert"}
PROGRESS {"case": "calibration-mmlu-abstract_algebra-q0,phase=decode,concurrency=1,expert_tokens=8", "completed_records": 65, "elapsed_seconds": 262.364, "operation": "gather_scatter"}
PROGRESS {"case": "calibration-mmlu-abstract_algebra-q0,phase=decode,concurrency=1,expert_tokens=8,group=128", "completed_records": 66, "elapsed_seconds": 266.058, "operation": "dequant"}
PROGRESS {"case": "calibration-mmlu-abstract_algebra-q0,phase=decode,concurrency=1,expert_tokens=8", "completed_records": 67, "elapsed_seconds": 270.364, "operation": "grouped_gemm"}
PROGRESS {"case": "calibration-mmlu-abstract_algebra-q0,phase=decode,concurrency=4,expert_tokens=32", "completed_records": 68, "elapsed_seconds": 274.669, "operation": "selected_expert"}
PROGRESS {"case": "calibration-mmlu-abstract_algebra-q0,phase=decode,concurrency=4,expert_tokens=32", "completed_records": 69, "elapsed_seconds": 277.619, "operation": "gather_scatter"}
PROGRESS {"case": "calibration-mmlu-abstract_algebra-q0,phase=decode,concurrency=4,expert_tokens=32,group=128", "completed_records": 70, "elapsed_seconds": 281.504, "operation": "dequant"}
PROGRESS {"case": "calibration-mmlu-abstract_algebra-q0,phase=decode,concurrency=4,expert_tokens=32", "completed_records": 71, "elapsed_seconds": 285.131, "operation": "grouped_gemm"}
PROGRESS {"case": "calibration-mmlu-abstract_algebra-q0,concurrency=1", "completed_records": 72, "elapsed_seconds": 290.144, "operation": "window_replay"}
PROGRESS {"case": "calibration-mmlu-abstract_algebra-q0,concurrency=4", "completed_records": 73, "elapsed_seconds": 295.133, "operation": "window_replay"}
PROGRESS {"case": "calibration-mmlu_ZH_CN-high_school_mathematics-q4387,phase=prefill,concurrency=1,expert_tokens=272", "completed_records": 74, "elapsed_seconds": 299.564, "operation": "selected_expert"}
PROGRESS {"case": "calibration-mmlu_ZH_CN-high_school_mathematics-q4387,phase=prefill,concurrency=1,expert_tokens=272", "completed_records": 75, "elapsed_seconds": 302.303, "operation": "gather_scatter"}
PROGRESS {"case": "calibration-mmlu_ZH_CN-high_school_mathematics-q4387,phase=prefill,concurrency=1,expert_tokens=272,group=128", "completed_records": 76, "elapsed_seconds": 305.694, "operation": "dequant"}
PROGRESS {"case": "calibration-mmlu_ZH_CN-high_school_mathematics-q4387,phase=prefill,concurrency=1,expert_tokens=272", "completed_records": 77, "elapsed_seconds": 310.283, "operation": "grouped_gemm"}
PROGRESS {"case": "calibration-mmlu_ZH_CN-high_school_mathematics-q4387,phase=prefill,concurrency=4,expert_tokens=1088", "completed_records": 78, "elapsed_seconds": 315.099, "operation": "selected_expert"}
PROGRESS {"case": "calibration-mmlu_ZH_CN-high_school_mathematics-q4387,phase=prefill,concurrency=4,expert_tokens=1088", "completed_records": 79, "elapsed_seconds": 319.459, "operation": "gather_scatter"}
PROGRESS {"case": "calibration-mmlu_ZH_CN-high_school_mathematics-q4387,phase=prefill,concurrency=4,expert_tokens=1088,group=128", "completed_records": 80, "elapsed_seconds": 323.723, "operation": "dequant"}
PROGRESS {"case": "calibration-mmlu_ZH_CN-high_school_mathematics-q4387,phase=prefill,concurrency=4,expert_tokens=1088", "completed_records": 81, "elapsed_seconds": 328.517, "operation": "grouped_gemm"}
PROGRESS {"case": "calibration-mmlu_ZH_CN-high_school_mathematics-q4387,phase=decode,concurrency=1,expert_tokens=8", "completed_records": 82, "elapsed_seconds": 332.965, "operation": "selected_expert"}
PROGRESS {"case": "calibration-mmlu_ZH_CN-high_school_mathematics-q4387,phase=decode,concurrency=1,expert_tokens=8", "completed_records": 83, "elapsed_seconds": 336.24, "operation": "gather_scatter"}
PROGRESS {"case": "calibration-mmlu_ZH_CN-high_school_mathematics-q4387,phase=decode,concurrency=1,expert_tokens=8,group=128", "completed_records": 84, "elapsed_seconds": 339.905, "operation": "dequant"}
PROGRESS {"case": "calibration-mmlu_ZH_CN-high_school_mathematics-q4387,phase=decode,concurrency=1,expert_tokens=8", "completed_records": 85, "elapsed_seconds": 344.371, "operation": "grouped_gemm"}
PROGRESS {"case": "calibration-mmlu_ZH_CN-high_school_mathematics-q4387,phase=decode,concurrency=4,expert_tokens=32", "completed_records": 86, "elapsed_seconds": 348.7, "operation": "selected_expert"}
PROGRESS {"case": "calibration-mmlu_ZH_CN-high_school_mathematics-q4387,phase=decode,concurrency=4,expert_tokens=32", "completed_records": 87, "elapsed_seconds": 351.23, "operation": "gather_scatter"}
PROGRESS {"case": "calibration-mmlu_ZH_CN-high_school_mathematics-q4387,phase=decode,concurrency=4,expert_tokens=32,group=128", "completed_records": 88, "elapsed_seconds": 354.505, "operation": "dequant"}
PROGRESS {"case": "calibration-mmlu_ZH_CN-high_school_mathematics-q4387,phase=decode,concurrency=4,expert_tokens=32", "completed_records": 89, "elapsed_seconds": 358.402, "operation": "grouped_gemm"}
PROGRESS {"case": "calibration-mmlu_ZH_CN-high_school_mathematics-q4387,concurrency=1", "completed_records": 90, "elapsed_seconds": 363.396, "operation": "window_replay"}
PROGRESS {"case": "calibration-mmlu_ZH_CN-high_school_mathematics-q4387,concurrency=4", "completed_records": 91, "elapsed_seconds": 368.396, "operation": "window_replay"}
/workspace/runs/TARGET4-PARTIAL-EXISTING-HARNESS-20260822T103709Z-TRACKGPU/artifacts/result.json
