PROGRESS {"case": "bytes=65536,streams=1", "completed_records": 2, "elapsed_seconds": 4.931, "operation": "h2d_pinned"}
PROGRESS {"case": "bytes=65536,streams=1", "completed_records": 3, "elapsed_seconds": 8.387, "operation": "d2h_pinned"}
PROGRESS {"case": "bytes=65536,streams=2", "completed_records": 4, "elapsed_seconds": 12.47, "operation": "h2d_pinned"}
PROGRESS {"case": "bytes=65536,streams=2", "completed_records": 5, "elapsed_seconds": 16.573, "operation": "d2h_pinned"}
PROGRESS {"case": "bytes=65536,streams=4", "completed_records": 6, "elapsed_seconds": 21.168, "operation": "h2d_pinned"}
PROGRESS {"case": "bytes=65536,streams=4", "completed_records": 7, "elapsed_seconds": 25.563, "operation": "d2h_pinned"}
PROGRESS {"case": "bytes=1048576,streams=1", "completed_records": 8, "elapsed_seconds": 28.179, "operation": "h2d_pinned"}
PROGRESS {"case": "bytes=1048576,streams=1", "completed_records": 9, "elapsed_seconds": 30.801, "operation": "d2h_pinned"}
PROGRESS {"case": "bytes=1048576,streams=2", "completed_records": 10, "elapsed_seconds": 33.7, "operation": "h2d_pinned"}
PROGRESS {"case": "bytes=1048576,streams=2", "completed_records": 11, "elapsed_seconds": 36.743, "operation": "d2h_pinned"}
PROGRESS {"case": "bytes=1048576,streams=4", "completed_records": 12, "elapsed_seconds": 40.451, "operation": "h2d_pinned"}
PROGRESS {"case": "bytes=1048576,streams=4", "completed_records": 13, "elapsed_seconds": 44.214, "operation": "d2h_pinned"}
PROGRESS {"case": "bytes=22020096,streams=1", "completed_records": 14, "elapsed_seconds": 48.72, "operation": "h2d_pinned"}
PROGRESS {"case": "bytes=22020096,streams=1", "completed_records": 15, "elapsed_seconds": 53.562, "operation": "d2h_pinned"}
PROGRESS {"case": "bytes=22020096,streams=2", "completed_records": 16, "elapsed_seconds": 58.343, "operation": "h2d_pinned"}
PROGRESS {"case": "bytes=22020096,streams=2", "completed_records": 17, "elapsed_seconds": 63.166, "operation": "d2h_pinned"}
PROGRESS {"case": "bytes=22020096,streams=4", "completed_records": 18, "elapsed_seconds": 67.936, "operation": "h2d_pinned"}
PROGRESS {"case": "bytes=22020096,streams=4", "completed_records": 19, "elapsed_seconds": 72.74, "operation": "d2h_pinned"}
PROGRESS {"case": "bytes=44040192,streams=1", "completed_records": 20, "elapsed_seconds": 77.634, "operation": "h2d_pinned"}
PROGRESS {"case": "bytes=44040192,streams=1", "completed_records": 21, "elapsed_seconds": 82.524, "operation": "d2h_pinned"}
PROGRESS {"case": "bytes=44040192,streams=2", "completed_records": 22, "elapsed_seconds": 87.444, "operation": "h2d_pinned"}
PROGRESS {"case": "bytes=44040192,streams=2", "completed_records": 23, "elapsed_seconds": 92.363, "operation": "d2h_pinned"}
PROGRESS {"case": "bytes=44040192,streams=4", "completed_records": 24, "elapsed_seconds": 97.217, "operation": "h2d_pinned"}
PROGRESS {"case": "bytes=44040192,streams=4", "completed_records": 25, "elapsed_seconds": 102.108, "operation": "d2h_pinned"}
PROGRESS {"case": "bytes=88080384,streams=1", "completed_records": 26, "elapsed_seconds": 107.045, "operation": "h2d_pinned"}
PROGRESS {"case": "bytes=88080384,streams=1", "completed_records": 27, "elapsed_seconds": 112.022, "operation": "d2h_pinned"}
PROGRESS {"case": "bytes=88080384,streams=2", "completed_records": 28, "elapsed_seconds": 116.976, "operation": "h2d_pinned"}
PROGRESS {"case": "bytes=88080384,streams=2", "completed_records": 29, "elapsed_seconds": 121.955, "operation": "d2h_pinned"}
PROGRESS {"case": "bytes=88080384,streams=4", "completed_records": 30, "elapsed_seconds": 126.923, "operation": "h2d_pinned"}
PROGRESS {"case": "bytes=88080384,streams=4", "completed_records": 31, "elapsed_seconds": 131.898, "operation": "d2h_pinned"}
PROGRESS {"case": "bytes=1048576", "completed_records": 32, "elapsed_seconds": 132.847, "operation": "device_memory"}
PROGRESS {"case": "bytes=22020096", "completed_records": 33, "elapsed_seconds": 137.186, "operation": "device_memory"}
PROGRESS {"case": "depth=1", "completed_records": 34, "elapsed_seconds": 138.561, "operation": "queue_depth"}
PROGRESS {"case": "depth=4", "completed_records": 35, "elapsed_seconds": 142.268, "operation": "queue_depth"}
PROGRESS {"case": "expert_tokens=32,concurrency=1", "completed_records": 36, "elapsed_seconds": 146.608, "operation": "contention_fixed_shape"}
PROGRESS {"case": "expert_tokens=32,concurrency=4", "completed_records": 37, "elapsed_seconds": 150.471, "operation": "contention_fixed_shape"}
PROGRESS {"case": "calibration-livecodebench-execution-q0,phase=prefill,concurrency=1,expert_tokens=704", "completed_records": 38, "elapsed_seconds": 155.213, "operation": "selected_expert"}
PROGRESS {"case": "calibration-livecodebench-execution-q0,phase=prefill,concurrency=1,expert_tokens=704", "completed_records": 39, "elapsed_seconds": 158.208, "operation": "gather_scatter"}
PROGRESS {"case": "calibration-livecodebench-execution-q0,phase=prefill,concurrency=1,expert_tokens=704,group=128", "completed_records": 40, "elapsed_seconds": 162.244, "operation": "dequant"}
PROGRESS {"case": "calibration-livecodebench-execution-q0,phase=prefill,concurrency=1,expert_tokens=704", "completed_records": 41, "elapsed_seconds": 167.089, "operation": "grouped_gemm"}
PROGRESS {"case": "calibration-livecodebench-execution-q0,phase=prefill,concurrency=4,expert_tokens=2816", "completed_records": 42, "elapsed_seconds": 172.266, "operation": "selected_expert"}
PROGRESS {"case": "calibration-livecodebench-execution-q0,phase=prefill,concurrency=4,expert_tokens=2816", "completed_records": 43, "elapsed_seconds": 176.406, "operation": "gather_scatter"}
PROGRESS {"case": "calibration-livecodebench-execution-q0,phase=prefill,concurrency=4,expert_tokens=2816,group=128", "completed_records": 44, "elapsed_seconds": 181.177, "operation": "dequant"}
PROGRESS {"case": "calibration-livecodebench-execution-q0,phase=prefill,concurrency=4,expert_tokens=2816", "completed_records": 45, "elapsed_seconds": 186.46, "operation": "grouped_gemm"}
PROGRESS {"case": "calibration-livecodebench-execution-q0,phase=decode,concurrency=1,expert_tokens=8", "completed_records": 46, "elapsed_seconds": 190.947, "operation": "selected_expert"}
PROGRESS {"case": "calibration-livecodebench-execution-q0,phase=decode,concurrency=1,expert_tokens=8", "completed_records": 47, "elapsed_seconds": 192.693, "operation": "gather_scatter"}
PROGRESS {"case": "calibration-livecodebench-execution-q0,phase=decode,concurrency=1,expert_tokens=8,group=128", "completed_records": 48, "elapsed_seconds": 196.754, "operation": "dequant"}
PROGRESS {"case": "calibration-livecodebench-execution-q0,phase=decode,concurrency=1,expert_tokens=8", "completed_records": 49, "elapsed_seconds": 200.796, "operation": "grouped_gemm"}
PROGRESS {"case": "calibration-livecodebench-execution-q0,phase=decode,concurrency=4,expert_tokens=32", "completed_records": 50, "elapsed_seconds": 205.076, "operation": "selected_expert"}
PROGRESS {"case": "calibration-livecodebench-execution-q0,phase=decode,concurrency=4,expert_tokens=32", "completed_records": 51, "elapsed_seconds": 207.985, "operation": "gather_scatter"}
PROGRESS {"case": "calibration-livecodebench-execution-q0,phase=decode,concurrency=4,expert_tokens=32,group=128", "completed_records": 52, "elapsed_seconds": 211.851, "operation": "dequant"}
PROGRESS {"case": "calibration-livecodebench-execution-q0,phase=decode,concurrency=4,expert_tokens=32", "completed_records": 53, "elapsed_seconds": 216.058, "operation": "grouped_gemm"}
PROGRESS {"case": "calibration-livecodebench-execution-q0,concurrency=1", "completed_records": 54, "elapsed_seconds": 221.056, "operation": "window_replay"}
PROGRESS {"case": "calibration-livecodebench-execution-q0,concurrency=4", "completed_records": 55, "elapsed_seconds": 226.039, "operation": "window_replay"}
PROGRESS {"case": "calibration-mmlu-abstract_algebra-q0,phase=prefill,concurrency=1,expert_tokens=208", "completed_records": 56, "elapsed_seconds": 230.036, "operation": "selected_expert"}
PROGRESS {"case": "calibration-mmlu-abstract_algebra-q0,phase=prefill,concurrency=1,expert_tokens=208", "completed_records": 57, "elapsed_seconds": 232.321, "operation": "gather_scatter"}
PROGRESS {"case": "calibration-mmlu-abstract_algebra-q0,phase=prefill,concurrency=1,expert_tokens=208,group=128", "completed_records": 58, "elapsed_seconds": 235.772, "operation": "dequant"}
PROGRESS {"case": "calibration-mmlu-abstract_algebra-q0,phase=prefill,concurrency=1,expert_tokens=208", "completed_records": 59, "elapsed_seconds": 239.822, "operation": "grouped_gemm"}
PROGRESS {"case": "calibration-mmlu-abstract_algebra-q0,phase=prefill,concurrency=4,expert_tokens=832", "completed_records": 60, "elapsed_seconds": 244.531, "operation": "selected_expert"}
PROGRESS {"case": "calibration-mmlu-abstract_algebra-q0,phase=prefill,concurrency=4,expert_tokens=832", "completed_records": 61, "elapsed_seconds": 247.077, "operation": "gather_scatter"}
PROGRESS {"case": "calibration-mmlu-abstract_algebra-q0,phase=prefill,concurrency=4,expert_tokens=832,group=128", "completed_records": 62, "elapsed_seconds": 251.362, "operation": "dequant"}
PROGRESS {"case": "calibration-mmlu-abstract_algebra-q0,phase=prefill,concurrency=4,expert_tokens=832", "completed_records": 63, "elapsed_seconds": 256.227, "operation": "grouped_gemm"}
PROGRESS {"case": "calibration-mmlu-abstract_algebra-q0,phase=decode,concurrency=1,expert_tokens=8", "completed_records": 64, "elapsed_seconds": 260.595, "operation": "selected_expert"}
PROGRESS {"case": "calibration-mmlu-abstract_algebra-q0,phase=decode,concurrency=1,expert_tokens=8", "completed_records": 65, "elapsed_seconds": 263.539, "operation": "gather_scatter"}
PROGRESS {"case": "calibration-mmlu-abstract_algebra-q0,phase=decode,concurrency=1,expert_tokens=8,group=128", "completed_records": 66, "elapsed_seconds": 267.303, "operation": "dequant"}
PROGRESS {"case": "calibration-mmlu-abstract_algebra-q0,phase=decode,concurrency=1,expert_tokens=8", "completed_records": 67, "elapsed_seconds": 271.735, "operation": "grouped_gemm"}
PROGRESS {"case": "calibration-mmlu-abstract_algebra-q0,phase=decode,concurrency=4,expert_tokens=32", "completed_records": 68, "elapsed_seconds": 276.052, "operation": "selected_expert"}
PROGRESS {"case": "calibration-mmlu-abstract_algebra-q0,phase=decode,concurrency=4,expert_tokens=32", "completed_records": 69, "elapsed_seconds": 279.067, "operation": "gather_scatter"}
PROGRESS {"case": "calibration-mmlu-abstract_algebra-q0,phase=decode,concurrency=4,expert_tokens=32,group=128", "completed_records": 70, "elapsed_seconds": 282.538, "operation": "dequant"}
PROGRESS {"case": "calibration-mmlu-abstract_algebra-q0,phase=decode,concurrency=4,expert_tokens=32", "completed_records": 71, "elapsed_seconds": 286.183, "operation": "grouped_gemm"}
PROGRESS {"case": "calibration-mmlu-abstract_algebra-q0,concurrency=1", "completed_records": 72, "elapsed_seconds": 291.194, "operation": "window_replay"}
PROGRESS {"case": "calibration-mmlu-abstract_algebra-q0,concurrency=4", "completed_records": 73, "elapsed_seconds": 296.206, "operation": "window_replay"}
PROGRESS {"case": "calibration-mmlu_ZH_CN-high_school_mathematics-q4387,phase=prefill,concurrency=1,expert_tokens=272", "completed_records": 74, "elapsed_seconds": 300.939, "operation": "selected_expert"}
PROGRESS {"case": "calibration-mmlu_ZH_CN-high_school_mathematics-q4387,phase=prefill,concurrency=1,expert_tokens=272", "completed_records": 75, "elapsed_seconds": 304.057, "operation": "gather_scatter"}
PROGRESS {"case": "calibration-mmlu_ZH_CN-high_school_mathematics-q4387,phase=prefill,concurrency=1,expert_tokens=272,group=128", "completed_records": 76, "elapsed_seconds": 307.75, "operation": "dequant"}
PROGRESS {"case": "calibration-mmlu_ZH_CN-high_school_mathematics-q4387,phase=prefill,concurrency=1,expert_tokens=272", "completed_records": 77, "elapsed_seconds": 312.143, "operation": "grouped_gemm"}
PROGRESS {"case": "calibration-mmlu_ZH_CN-high_school_mathematics-q4387,phase=prefill,concurrency=4,expert_tokens=1088", "completed_records": 78, "elapsed_seconds": 316.992, "operation": "selected_expert"}
PROGRESS {"case": "calibration-mmlu_ZH_CN-high_school_mathematics-q4387,phase=prefill,concurrency=4,expert_tokens=1088", "completed_records": 79, "elapsed_seconds": 319.482, "operation": "gather_scatter"}
PROGRESS {"case": "calibration-mmlu_ZH_CN-high_school_mathematics-q4387,phase=prefill,concurrency=4,expert_tokens=1088,group=128", "completed_records": 80, "elapsed_seconds": 323.702, "operation": "dequant"}
PROGRESS {"case": "calibration-mmlu_ZH_CN-high_school_mathematics-q4387,phase=prefill,concurrency=4,expert_tokens=1088", "completed_records": 81, "elapsed_seconds": 328.584, "operation": "grouped_gemm"}
PROGRESS {"case": "calibration-mmlu_ZH_CN-high_school_mathematics-q4387,phase=decode,concurrency=1,expert_tokens=8", "completed_records": 82, "elapsed_seconds": 333.091, "operation": "selected_expert"}
PROGRESS {"case": "calibration-mmlu_ZH_CN-high_school_mathematics-q4387,phase=decode,concurrency=1,expert_tokens=8", "completed_records": 83, "elapsed_seconds": 336.126, "operation": "gather_scatter"}
PROGRESS {"case": "calibration-mmlu_ZH_CN-high_school_mathematics-q4387,phase=decode,concurrency=1,expert_tokens=8,group=128", "completed_records": 84, "elapsed_seconds": 340.002, "operation": "dequant"}
PROGRESS {"case": "calibration-mmlu_ZH_CN-high_school_mathematics-q4387,phase=decode,concurrency=1,expert_tokens=8", "completed_records": 85, "elapsed_seconds": 344.068, "operation": "grouped_gemm"}
PROGRESS {"case": "calibration-mmlu_ZH_CN-high_school_mathematics-q4387,phase=decode,concurrency=4,expert_tokens=32", "completed_records": 86, "elapsed_seconds": 348.436, "operation": "selected_expert"}
PROGRESS {"case": "calibration-mmlu_ZH_CN-high_school_mathematics-q4387,phase=decode,concurrency=4,expert_tokens=32", "completed_records": 87, "elapsed_seconds": 351.461, "operation": "gather_scatter"}
PROGRESS {"case": "calibration-mmlu_ZH_CN-high_school_mathematics-q4387,phase=decode,concurrency=4,expert_tokens=32,group=128", "completed_records": 88, "elapsed_seconds": 355.184, "operation": "dequant"}
PROGRESS {"case": "calibration-mmlu_ZH_CN-high_school_mathematics-q4387,phase=decode,concurrency=4,expert_tokens=32", "completed_records": 89, "elapsed_seconds": 359.168, "operation": "grouped_gemm"}
PROGRESS {"case": "calibration-mmlu_ZH_CN-high_school_mathematics-q4387,concurrency=1", "completed_records": 90, "elapsed_seconds": 364.178, "operation": "window_replay"}
PROGRESS {"case": "calibration-mmlu_ZH_CN-high_school_mathematics-q4387,concurrency=4", "completed_records": 91, "elapsed_seconds": 369.189, "operation": "window_replay"}
/workspace/runs/20260822T104829Z__track_gpu_target4_component_pcie/component_pcie.json
