Verilator 5.006 2023-01-22 rev (Debian 5.006-3)
%Warning-UNUSEDPARAM: rtl/common/moe_pkg.sv:26:18: Parameter is not used: 'TS_W'
                                                 : ... In instance dma_model_tb_top.u_dma
   26 |   localparam int TS_W        = 32;    
      |                  ^~~~
                      ... For warning description see https://verilator.org/warn/UNUSEDPARAM?v=5.006
                      ... Use "/* verilator lint_off UNUSEDPARAM */" and lint_on around source to disable this message.
%Warning-UNUSEDPARAM: rtl/common/moe_pkg.sv:27:18: Parameter is not used: 'BANKS'
                                                 : ... In instance dma_model_tb_top.u_dma
   27 |   localparam int BANKS       = 4;   
      |                  ^~~~~
%Warning-SYNCASYNCNET: rtl/verification/dma_model_tb_top.sv:11:32: Signal flopped as both synchronous and async: 'rst_n'
                       rtl/interfaces/dma_model.sv:67:10: ... Location of async usage
   67 |     if (!rst_n) begin
      |          ^~~~~
                       rtl/verification/ready_valid_fifo_assertions.sv:36:51: ... Location of sync usage
   36 |     assert property (@(posedge clk) disable iff (!rst_n)
      |                                                   ^~~~~
make: Entering directory '/work/verification/out/dma_verilator/obj_dir'
g++  -I.  -MMD -I/usr/share/verilator/include -I/usr/share/verilator/include/vltstd -DVM_COVERAGE=1 -DVM_SC=0 -DVM_TRACE=0 -DVM_TRACE_FST=0 -DVM_TRACE_VCD=0 -faligned-new -fcf-protection=none -Wno-bool-operation -Wno-sign-compare -Wno-uninitialized -Wno-unused-but-set-variable -Wno-unused-parameter -Wno-unused-variable -Wno-shadow     -I/work/rtl/verification -O2   -Os -c -o tb_dma_model.o /work/rtl/verification/tb_dma_model.cpp
g++  -I.  -MMD -I/usr/share/verilator/include -I/usr/share/verilator/include/vltstd -DVM_COVERAGE=1 -DVM_SC=0 -DVM_TRACE=0 -DVM_TRACE_FST=0 -DVM_TRACE_VCD=0 -faligned-new -fcf-protection=none -Wno-bool-operation -Wno-sign-compare -Wno-uninitialized -Wno-unused-but-set-variable -Wno-unused-parameter -Wno-unused-variable -Wno-shadow     -I/work/rtl/verification -O2   -Os -c -o verilated.o /usr/share/verilator/include/verilated.cpp
g++  -I.  -MMD -I/usr/share/verilator/include -I/usr/share/verilator/include/vltstd -DVM_COVERAGE=1 -DVM_SC=0 -DVM_TRACE=0 -DVM_TRACE_FST=0 -DVM_TRACE_VCD=0 -faligned-new -fcf-protection=none -Wno-bool-operation -Wno-sign-compare -Wno-uninitialized -Wno-unused-but-set-variable -Wno-unused-parameter -Wno-unused-variable -Wno-shadow     -I/work/rtl/verification -O2   -Os -c -o verilated_cov.o /usr/share/verilator/include/verilated_cov.cpp
g++  -I.  -MMD -I/usr/share/verilator/include -I/usr/share/verilator/include/vltstd -DVM_COVERAGE=1 -DVM_SC=0 -DVM_TRACE=0 -DVM_TRACE_FST=0 -DVM_TRACE_VCD=0 -faligned-new -fcf-protection=none -Wno-bool-operation -Wno-sign-compare -Wno-uninitialized -Wno-unused-but-set-variable -Wno-unused-parameter -Wno-unused-variable -Wno-shadow     -I/work/rtl/verification -O2   -Os -c -o verilated_threads.o /usr/share/verilator/include/verilated_threads.cpp
/usr/bin/python3 /usr/share/verilator/bin/verilator_includer -DVL_INCLUDE_OPT=include Vdma_model_tb_top.cpp Vdma_model_tb_top___024root__DepSet_h1d42cddb__0.cpp Vdma_model_tb_top___024root__DepSet_he6320ede__0.cpp Vdma_model_tb_top___024root__Slow.cpp Vdma_model_tb_top___024root__DepSet_h1d42cddb__0__Slow.cpp Vdma_model_tb_top___024root__DepSet_he6320ede__0__Slow.cpp Vdma_model_tb_top___024unit__Slow.cpp Vdma_model_tb_top___024unit__DepSet_h63c9992b__0__Slow.cpp Vdma_model_tb_top__Syms.cpp > Vdma_model_tb_top__ALL.cpp
g++  -I.  -MMD -I/usr/share/verilator/include -I/usr/share/verilator/include/vltstd -DVM_COVERAGE=1 -DVM_SC=0 -DVM_TRACE=0 -DVM_TRACE_FST=0 -DVM_TRACE_VCD=0 -faligned-new -fcf-protection=none -Wno-bool-operation -Wno-sign-compare -Wno-uninitialized -Wno-unused-but-set-variable -Wno-unused-parameter -Wno-unused-variable -Wno-shadow     -I/work/rtl/verification -O2   -Os -c -o Vdma_model_tb_top__ALL.o Vdma_model_tb_top__ALL.cpp
echo "" > Vdma_model_tb_top__ALL.verilator_deplist.tmp
Archive ar -rcs Vdma_model_tb_top__ALL.a Vdma_model_tb_top__ALL.o
g++    tb_dma_model.o verilated.o verilated_cov.o verilated_threads.o Vdma_model_tb_top__ALL.a    -pthread -lpthread -latomic   -o Vdma_test
rm Vdma_model_tb_top__ALL.verilator_deplist.tmp
make: Leaving directory '/work/verification/out/dma_verilator/obj_dir'
{"test":"dma_model_random","seed":1592594996,"requests":500,"completions":500,"cycles":1119,"req_stall_cycles":439,"cmpl_stall_cycles":295,"simultaneous_cycles":318,"occupancy_checks":1114,"stability_errors":0,"counter_match":true,"drained":true,"pass":true}
make: Entering directory '/work/verification/out/dma_verilator/engine_obj_dir'
g++  -I.  -MMD -I/usr/share/verilator/include -I/usr/share/verilator/include/vltstd -DVM_COVERAGE=0 -DVM_SC=0 -DVM_TRACE=0 -DVM_TRACE_FST=0 -DVM_TRACE_VCD=0 -faligned-new -fcf-protection=none -Wno-bool-operation -Wno-sign-compare -Wno-uninitialized -Wno-unused-but-set-variable -Wno-unused-parameter -Wno-unused-variable -Wno-shadow     -I/work/rtl/verification -O2   -Os -c -o tb_residency_dma.o /work/rtl/verification/tb_residency_dma.cpp
g++  -I.  -MMD -I/usr/share/verilator/include -I/usr/share/verilator/include/vltstd -DVM_COVERAGE=0 -DVM_SC=0 -DVM_TRACE=0 -DVM_TRACE_FST=0 -DVM_TRACE_VCD=0 -faligned-new -fcf-protection=none -Wno-bool-operation -Wno-sign-compare -Wno-uninitialized -Wno-unused-but-set-variable -Wno-unused-parameter -Wno-unused-variable -Wno-shadow     -I/work/rtl/verification -O2   -Os -c -o verilated.o /usr/share/verilator/include/verilated.cpp
g++  -I.  -MMD -I/usr/share/verilator/include -I/usr/share/verilator/include/vltstd -DVM_COVERAGE=0 -DVM_SC=0 -DVM_TRACE=0 -DVM_TRACE_FST=0 -DVM_TRACE_VCD=0 -faligned-new -fcf-protection=none -Wno-bool-operation -Wno-sign-compare -Wno-uninitialized -Wno-unused-but-set-variable -Wno-unused-parameter -Wno-unused-variable -Wno-shadow     -I/work/rtl/verification -O2   -Os -c -o verilated_threads.o /usr/share/verilator/include/verilated_threads.cpp
/usr/bin/python3 /usr/share/verilator/bin/verilator_includer -DVL_INCLUDE_OPT=include Vresidency_engine_dv_top.cpp Vresidency_engine_dv_top___024root__DepSet_h78290639__0.cpp Vresidency_engine_dv_top___024root__DepSet_hf501c8c6__0.cpp Vresidency_engine_dv_top___024root__Slow.cpp Vresidency_engine_dv_top___024root__DepSet_h78290639__0__Slow.cpp Vresidency_engine_dv_top___024root__DepSet_hf501c8c6__0__Slow.cpp Vresidency_engine_dv_top___024unit__Slow.cpp Vresidency_engine_dv_top___024unit__DepSet_hc76fd51c__0__Slow.cpp Vresidency_engine_dv_top__Syms.cpp > Vresidency_engine_dv_top__ALL.cpp
g++  -I.  -MMD -I/usr/share/verilator/include -I/usr/share/verilator/include/vltstd -DVM_COVERAGE=0 -DVM_SC=0 -DVM_TRACE=0 -DVM_TRACE_FST=0 -DVM_TRACE_VCD=0 -faligned-new -fcf-protection=none -Wno-bool-operation -Wno-sign-compare -Wno-uninitialized -Wno-unused-but-set-variable -Wno-unused-parameter -Wno-unused-variable -Wno-shadow     -I/work/rtl/verification -O2   -Os -c -o Vresidency_engine_dv_top__ALL.o Vresidency_engine_dv_top__ALL.cpp
echo "" > Vresidency_engine_dv_top__ALL.verilator_deplist.tmp
Archive ar -rcs Vresidency_engine_dv_top__ALL.a Vresidency_engine_dv_top__ALL.o
g++    tb_residency_dma.o verilated.o verilated_threads.o Vresidency_engine_dv_top__ALL.a    -pthread -lpthread -latomic   -o Vresidency_dma_test
rm Vresidency_engine_dv_top__ALL.verilator_deplist.tmp
make: Leaving directory '/work/verification/out/dma_verilator/engine_obj_dir'
{"test":"residency_variable_latency","seed":201400007,"steps":120,"completed_steps":120,"requests":187,"completions":187,"cycles":4017,"latencies_observed":13,"output_stall_cycles":43,"resident_rises":187,"premature_resident":0,"occupancy_checks":4012,"pass":true}
